[    3756ms] [ERROR] Failed to load resource: net::ERR_CONNECTION_RESET @ https://www.googletagmanager.com/gtm.js?id=GTM-MRVXSHQ&gtg_health=1:0
[    3759ms] [ERROR] Failed to load resource: net::ERR_CONNECTION_RESET @ https://pagead2.googlesyndication.com/tag/js/gpt.js:0
[    3759ms] [LOG] GPT: Script load failed. @ https://sgtm.nature.com/gtm.js?id=GTM-MRVXSHQ:1034
[    3760ms] [ERROR] Failed to load resource: net::ERR_CONNECTION_RESET @ https://scripts.webcontentassessor.com/scripts/93dabb8d80079a87fec7bb6f67b807fce90e1688f8957ad7ad152bfd58ea01c2:0
[    4567ms] [LOG] logged_in_to_sn_profile could not be retrieved from /exposed-details @ :0
[    8236ms] [WARNING] The resource https://injections.readcube.com/config.json was preloaded using link preload but not used within a few seconds from the window's load event. Please make sure it has an appropriate `as` value and it is preloaded intentionally. @ https://www.nature.com/articles/s41588-024-01993-3:0
[    8236ms] [WARNING] The resource https://www.nature.com/static/fonts/HardingText-Regular-Web-cecd90984f.woff2 was preloaded using link preload but not used within a few seconds from the window's load event. Please make sure it has an appropriate `as` value and it is preloaded intentionally. @ https://www.nature.com/articles/s41588-024-01993-3:0
[   21076ms] [WARNING] The resource https://injections.readcube.com/config.json was preloaded using link preload but not used within a few seconds from the window's load event. Please make sure it has an appropriate `as` value and it is preloaded intentionally. @ https://www.nature.com/articles/s41588-024-01993-3:0
[   21076ms] [WARNING] The resource https://www.nature.com/static/fonts/HardingText-Regular-Web-cecd90984f.woff2 was preloaded using link preload but not used within a few seconds from the window's load event. Please make sure it has an appropriate `as` value and it is preloaded intentionally. @ https://www.nature.com/articles/s41588-024-01993-3:0
[   24635ms] [ERROR] Failed to load resource: net::ERR_CONNECTION_RESET @ https://securepubads.g.doubleclick.net/tag/js/gpt.js:0
[   24635ms] [ERROR] Failed to load resource: net::ERR_CONNECTION_RESET @ https://www.dwin1.com/26429.js:0
[   24635ms] [ERROR] Failed to load resource: net::ERR_CONNECTION_RESET @ https://static.ads-twitter.com/uwt.js:0
[   24635ms] [ERROR] Failed to load resource: net::ERR_CONNECTION_RESET @ https://2e4b93d1-a8ae-4a89-8885-6109135ac0de.edge.permutive.app/85d1226e-5b20-4b6e-a867-b25bb35f6639-web.js:0
[   24635ms] [ERROR] Failed to load resource: net::ERR_CONNECTION_RESET @ https://sb.scorecardresearch.com/beacon.js:0
[   24637ms] [LOG] GPT: Script load failed. @ https://sgtm.nature.com/gtm.js?id=GTM-MRVXSHQ:1034
[   24642ms] [ERROR] Failed to load resource: net::ERR_CONNECTION_RESET @ https://bat.bing.com/bat.js:0
[   25244ms] [LOG] Data Attribute API for GTM: Script loaded successfully. @ https://sgtm.nature.com/gtm.js?id=GTM-MRVXSHQ:1034
[   26427ms] [ERROR] Failed to load resource: net::ERR_CONNECTION_RESET @ https://stats.g.doubleclick.net/g/collect?v=2&dma=0&npa=0&gcs=G111&gcd=13r3r3r3r6l1&tid=G-ERRNTNZ807&cid=357187183.1779105613&gtm=45h91e65c1v870337665z8850443292z99194642235za20kzb850443292zd850443292&tag_exp=0~115938465~115938469~117215457~117215457&_is_sw=f15s0t6&_tu=DA&gap.gtb=3&aip=1:0
[   26638ms] [ERROR] Failed to load resource: net::ERR_CONNECTION_RESET @ https://stats.g.doubleclick.net/g/collect?v=2&dma=0&npa=0&gcs=G111&gcd=13r3r3r3r6l1&tid=G-B3E4QL2TPR&cid=357187183.1779105613&gtm=45h91e65c1h1v872328094z8850443292z99194642235za20kzb850443292zd850443292&tag_exp=0~115938465~115938468~117549814~117549814~119034493&_is_sw=f15s0t194&_tu=DA&gap.gtb=3&aip=1:0
[   30281ms] [WARNING] The resource https://injections.readcube.com/config.json was preloaded using link preload but not used within a few seconds from the window's load event. Please make sure it has an appropriate `as` value and it is preloaded intentionally. @ https://www.nature.com/articles/s41588-024-01993-3:0
[   30281ms] [WARNING] The resource https://www.nature.com/static/fonts/HardingText-Regular-Web-cecd90984f.woff2 was preloaded using link preload but not used within a few seconds from the window's load event. Please make sure it has an appropriate `as` value and it is preloaded intentionally. @ https://www.nature.com/articles/s41588-024-01993-3:0
[   36082ms] [WARNING] The resource https://injections.readcube.com/config.json was preloaded using link preload but not used within a few seconds from the window's load event. Please make sure it has an appropriate `as` value and it is preloaded intentionally. @ https://www.nature.com/articles/s41588-024-01993-3:0
[   36083ms] [WARNING] The resource https://www.nature.com/static/fonts/HardingText-Regular-Web-cecd90984f.woff2 was preloaded using link preload but not used within a few seconds from the window's load event. Please make sure it has an appropriate `as` value and it is preloaded intentionally. @ https://www.nature.com/articles/s41588-024-01993-3:0
[   47335ms] [WARNING] [Meta Pixel] - Duplicate Pixel ID: 1229240860577415. @ https://connect.facebook.net/en_US/fbevents.js:181
[   51002ms] [WARNING] The resource https://injections.readcube.com/config.json was preloaded using link preload but not used within a few seconds from the window's load event. Please make sure it has an appropriate `as` value and it is preloaded intentionally. @ https://www.nature.com/articles/s41588-024-01993-3:0
[   51003ms] [WARNING] The resource https://www.nature.com/static/fonts/HardingText-Regular-Web-cecd90984f.woff2 was preloaded using link preload but not used within a few seconds from the window's load event. Please make sure it has an appropriate `as` value and it is preloaded intentionally. @ https://www.nature.com/articles/s41588-024-01993-3:0
[   52531ms] [ERROR] Failed to load resource: the server responded with a status of 404 () @ https://static-content.springer.com/favicon.ico:0
