[    5802ms] [ERROR] Failed to load resource: net::ERR_CONNECTION_RESET @ https://www.googletagmanager.com/gtm.js?id=GTM-MRVXSHQ&gtg_health=1:0
[    5803ms] [ERROR] Failed to load resource: net::ERR_CONNECTION_RESET @ https://securepubads.g.doubleclick.net/tag/js/gpt.js:0
[    5803ms] [ERROR] Failed to load resource: net::ERR_CONNECTION_RESET @ https://cdn.segment.com/analytics.js/v1/4rZa4ziwKFOV4lE8CELzgAjhqahO1xEx/analytics.min.js:0
[    5804ms] [ERROR] Failed to load resource: net::ERR_CONNECTION_RESET @ https://static.criteo.net/js/ld/ld.js:0
[    5805ms] [LOG] GPT: Script load failed. @ https://sgtm.nature.com/gtm.js?id=GTM-MRVXSHQ:1014
[    6262ms] [LOG] logged_in_to_sn_profile could not be retrieved from /exposed-details @ :0
[    6408ms] [LOG] Data Attribute API for GTM: Script loaded successfully. @ https://sgtm.nature.com/gtm.js?id=GTM-MRVXSHQ:1014
[    6417ms] [ERROR] Failed to load resource: net::ERR_CONNECTION_RESET @ https://www.dwin1.com/26429.js:0
[    6427ms] [ERROR] Failed to load resource: net::ERR_CONNECTION_RESET @ https://static.ads-twitter.com/uwt.js:0
[    6427ms] [ERROR] Failed to load resource: net::ERR_CONNECTION_RESET @ https://scripts.webcontentassessor.com/scripts/93dabb8d80079a87fec7bb6f67b807fce90e1688f8957ad7ad152bfd58ea01c2:0
[    6429ms] [ERROR] Failed to load resource: net::ERR_CONNECTION_RESET @ https://sb.scorecardresearch.com/beacon.js:0
[    6435ms] [ERROR] Failed to load resource: net::ERR_CONNECTION_RESET @ https://bat.bing.com/bat.js:0
[    6436ms] [ERROR] Failed to load resource: net::ERR_CONNECTION_RESET @ https://2e4b93d1-a8ae-4a89-8885-6109135ac0de.edge.permutive.app/85d1226e-5b20-4b6e-a867-b25bb35f6639-web.js:0
[    7047ms] [ERROR] Failed to load resource: net::ERR_CONNECTION_RESET @ https://px.ads.linkedin.com/wa/?medium=fetch&fmt=g:0
[    7050ms] [ERROR] Failed to load resource: net::ERR_CONNECTION_RESET @ https://px.ads.linkedin.com/attribution_trigger?pid=7360929%2C436252&time=1779437856495&url=https%3A%2F%2Fwww.nature.com%2Farticles%2Fs41467-026-73257-z&tm=gtmv2:0
[    7050ms] [ERROR] Failed to load resource: net::ERR_CONNECTION_RESET @ https://px.ads.linkedin.com/attribution_trigger?pid=7360929%2C436252&time=1779437856499&url=https%3A%2F%2Fwww.nature.com%2Farticles%2Fs41467-026-73257-z&tm=gtmv2:0
[    7070ms] [ERROR] Failed to load resource: net::ERR_CONNECTION_RESET @ https://px.ads.linkedin.com/collect?v=2&fmt=js&pid=7360929%2C436252&time=1779437856495&li_adsId=b2e613b6-dffe-42e4-b69c-b29042cff72d&url=https%3A%2F%2Fwww.nature.com%2Farticles%2Fs41467-026-73257-z&tm=gtmv2:0
[    7070ms] [ERROR] Failed to load resource: net::ERR_CONNECTION_RESET @ https://px.ads.linkedin.com/collect?v=2&fmt=js&pid=7360929%2C436252&time=1779437856499&li_adsId=b2e613b6-dffe-42e4-b69c-b29042cff72d&url=https%3A%2F%2Fwww.nature.com%2Farticles%2Fs41467-026-73257-z&tm=gtmv2:0
[    7070ms] [ERROR] Failed to load resource: net::ERR_CONNECTION_RESET @ https://px.ads.linkedin.com/insight_tag_errors.gif?v=2&pid=7360929%2C436252&error=version%3A%20308%20%7C%20WebsiteActions-308-TypeError%3A%20Failed%20to%20fetch%3B%20ErrorData%3A%20%7B%22domain%22%3A%22nature.com%22%2C%22requestFetcher%22%3A%22fetch-keepalive%22%2C%22body%22%3A%22H4sIAAAAAAAACkWQW2sbMRCF%2F4qYZym29%2BrVW2guLIS01CYvpRStNGsP0WoVjZbipvnvxTY0j4fD%2BeaceYdIjkH%2FaMtm3RWdrMqmqIufEtgmivkFE9McQJfrrYRME4LetG1Xle22bqptI8HNk6EAGoLJS8IbO08gYUkeNBxzjqxXq09rZVIm65FXXG2qplXrolFtWdSt%2BgMSojngnrJH0NCHEVOicBCcZ3s0nMkKdwpmIstiOImB5ng8MVnjxTMuyXjx9e5eLHzJUDh4VBa9FzmZcN0zX7J%2FxfOlkPgyT9MSyJpMc2CQ8BsHpow7OgTjv%2BPbgpx7Bxo621Sl62pVVGunzFDWyhm3URvEcRhHrEvbgQTi%2FfmWNxkd6NF4RgmeHsyVAmfxSCbkq5iILeh3iDzssskIWlUfZ8oThVd0fbiN8T%2FmiBPosHgvgS%2F99qd4%2FtO328f7Xy%2F9rt%2FDxz%2FKvqlW0AEAAA%3D%3D%22%7D&href=https%3A%2F%2Fwww.nature.com%2Farticles%2Fs41467-026-73257-z:0
[    7070ms] [ERROR] Failed to load resource: net::ERR_CONNECTION_RESET @ https://px.ads.linkedin.com/attribution_trigger?pid=7360929%2C436252&time=1779437856495&url=https%3A%2F%2Fwww.nature.com%2Farticles%2Fs41467-026-73257-z&tm=gtmv2:0
[    7070ms] [ERROR] Failed to load resource: net::ERR_CONNECTION_RESET @ https://px.ads.linkedin.com/attribution_trigger?pid=7360929%2C436252&time=1779437856499&url=https%3A%2F%2Fwww.nature.com%2Farticles%2Fs41467-026-73257-z&tm=gtmv2:0
[    7071ms] [ERROR] Failed to load resource: net::ERR_CONNECTION_RESET @ https://px.ads.linkedin.com/wa/?medium=beacon&fmt=g:0
[    8571ms] [ERROR] Failed to load resource: net::ERR_CONNECTION_RESET @ https://stats.g.doubleclick.net/g/collect?v=2&dma=0&npa=0&gcs=G111&gcd=13r3r3r3r6l1&tid=G-ERRNTNZ807&cid=357187183.1779105613&gtm=45h91e65k1v870337665z8850443292z99194642235za20kzb850443292zd850443292&tag_exp=0~115938466~115938469~117384418~117384418~117401772~117401772&_is_sw=f15s0t4&_tu=DA&gap.gtb=3&aip=1:0
[    8575ms] [ERROR] Failed to load resource: net::ERR_CONNECTION_RESET @ https://stats.g.doubleclick.net/g/collect?v=2&dma=0&npa=0&gcs=G111&gcd=13r3r3r3r6l1&tid=G-B3E4QL2TPR&cid=357187183.1779105613&gtm=45h91e65k1v872328094z8850443292z99194642235za20kzb850443292zd850443292&tag_exp=0~115938466~115938468~117215459~117215459~117384417~117384417~118128923~118689382&_is_sw=f15s0t156&_tu=DA&gap.gtb=3&aip=1:0
[    9144ms] [ERROR] Failed to load resource: net::ERR_CONNECTION_RESET @ https://zn0ccsrg9grqrxatc-springernature.siteintercept.qualtrics.com/SIE/?Q_ZID=ZN_0CcSRG9GrqrxATc:0
[   12152ms] [WARNING] The resource https://www.nature.com/static/fonts/HardingText-Regular-Web-cecd90984f.woff2 was preloaded using link preload but not used within a few seconds from the window's load event. Please make sure it has an appropriate `as` value and it is preloaded intentionally. @ https://www.nature.com/articles/s41467-026-73257-z:0
[   12152ms] [WARNING] The resource https://injections.readcube.com/config.json was preloaded using link preload but not used within a few seconds from the window's load event. Please make sure it has an appropriate `as` value and it is preloaded intentionally. @ https://www.nature.com/articles/s41467-026-73257-z:0
