[    2852ms] [INFO] Slow network is detected. See https://www.chromestatus.com/feature/5636954674692096 for more details. Fallback font will be used while loading: https://spj.science.org/products/aaas/spj/releasedAssets/fonts/open-sans-v15-latin-regular-cffb686d7d2f4682df8342bd4d276e09.woff2 @ https://spj.science.org/doi/10.1016/j.csbj.2021.06.043:428
[    2917ms] [ERROR] Failed to load resource: net::ERR_CONNECTION_RESET @ https://securepubads.g.doubleclick.net/tag/js/gpt.js:0
[    2919ms] [ERROR] Failed to load resource: net::ERR_CONNECTION_RESET @ https://static.cloudflareinsights.com/beacon.min.js/v652eace1692a40cfa3763df669d7439c1639079717194:0
[    2920ms] [ERROR] Failed to load resource: net::ERR_CONNECTION_RESET @ https://static.cloudflareinsights.com/beacon.min.js/v84a3a4012de94ce1a686ba8c167c359c1696973893317:0
[    2920ms] [ERROR] Failed to load resource: net::ERR_CONNECTION_RESET @ https://static.cloudflareinsights.com/beacon.min.js/v8c78df7c7c0f484497ecbca7046644da1771523124516:0
[    2927ms] [INFO] Slow network is detected. See https://www.chromestatus.com/feature/5636954674692096 for more details. Fallback font will be used while loading: https://spj.science.org/products/aaas/spj/releasedAssets/fonts/open-sans-v15-latin-600-223a277bd88d8a90c8cdf24cda0ad5f5.woff2 @ https://spj.science.org/doi/10.1016/j.csbj.2021.06.043:903
[    2927ms] [INFO] Slow network is detected. See https://www.chromestatus.com/feature/5636954674692096 for more details. Fallback font will be used while loading: https://spj.science.org/products/aaas/spj/releasedAssets/fonts/open-sans-v15-latin-700-d08c09f2f169f4a6edbcf8b8d1636cb4.woff2 @ https://spj.science.org/doi/10.1016/j.csbj.2021.06.043:903
[    3042ms] [INFO] Slow network is detected. See https://www.chromestatus.com/feature/5636954674692096 for more details. Fallback font will be used while loading: https://spj.science.org/products/aaas/spj/releasedAssets/fonts/pt-serif-v12-latin-ext_latin-regular-de7665f2292296afa10f5ba52261da23.woff2 @ https://spj.science.org/doi/10.1016/j.csbj.2021.06.043:0
[    3043ms] [INFO] Slow network is detected. See https://www.chromestatus.com/feature/5636954674692096 for more details. Fallback font will be used while loading: https://spj.science.org/products/aaas/spj/releasedAssets/fonts/open-sans-v15-latin-700italic-c02f5da6e82e1efe0b45841bfd49ce37.woff2 @ https://spj.science.org/doi/10.1016/j.csbj.2021.06.043:0
[    3043ms] [INFO] Slow network is detected. See https://www.chromestatus.com/feature/5636954674692096 for more details. Fallback font will be used while loading: https://spj.science.org/products/aaas/spj/releasedAssets/fonts/pt-serif-v12-latin-ext_latin-italic-3c79c8ba9db29e48f5e91b67272cab89.woff2 @ https://spj.science.org/doi/10.1016/j.csbj.2021.06.043:0
[    3044ms] [INFO] Slow network is detected. See https://www.chromestatus.com/feature/5636954674692096 for more details. Fallback font will be used while loading: https://spj.science.org/products/aaas/spj/releasedAssets/fonts/pt-serif-v12-latin-ext_latin-700italic-9e384f1888100dc730ff86c17c4ba8df.woff2 @ https://spj.science.org/doi/10.1016/j.csbj.2021.06.043:0
[    3044ms] [INFO] Slow network is detected. See https://www.chromestatus.com/feature/5636954674692096 for more details. Fallback font will be used while loading: https://spj.science.org/products/aaas/spj/releasedAssets/fonts/open-sans-v15-latin-italic-987032ea5d57c93d8da215678eae3b86.woff2 @ https://spj.science.org/doi/10.1016/j.csbj.2021.06.043:0
[    3045ms] [INFO] Slow network is detected. See https://www.chromestatus.com/feature/5636954674692096 for more details. Fallback font will be used while loading: https://spj.science.org/products/aaas/spj/releasedAssets/fonts/pt-serif-v12-latin-ext_latin-700-45cf198811efece76e0d7653e134417c.woff2 @ https://spj.science.org/doi/10.1016/j.csbj.2021.06.043:0
[    3445ms] [INFO] Slow network is detected. See https://www.chromestatus.com/feature/5636954674692096 for more details. Fallback font will be used while loading: https://spj.science.org/products/aaas/spj/releasedAssets/fonts/open-sans-v15-latin-800-aaeffaf205b9bbb09920089a14dbe9e8.woff2 @ https://spj.science.org/doi/10.1016/j.csbj.2021.06.043:1238
[    3553ms] [LOG] Widgets initialized! @ https://spj.science.org/products/aaas/spj/releasedAssets/js/main.bundle-95b03341054c83522a75.js:50
[    3556ms] [LOG] Cart Service initialized! @ https://spj.science.org/products/aaas/spj/releasedAssets/js/main.bundle-95b03341054c83522a75.js:50
[    3558ms] [LOG] Commerce Cart :: Registering service buyingList listener... @ https://spj.science.org/products/aaas/spj/releasedAssets/js/main.bundle-95b03341054c83522a75.js:50
[    3558ms] [LOG] Commerce Cart :: Registering service savedItems listener... @ https://spj.science.org/products/aaas/spj/releasedAssets/js/main.bundle-95b03341054c83522a75.js:50
[    4298ms] [ERROR] Failed to load resource: net::ERR_CONNECTION_RESET @ https://js.trendmd.com/trendmd.min.js:0
[    4298ms] [ERROR] Failed to load resource: net::ERR_CONNECTION_RESET @ https://static.cloudflareinsights.com/beacon.min.js/v833ccba57c9e4d2798f2e76cebdd09a11778172276447:0
[    5091ms] [ERROR] Failed to load resource: the server responded with a status of 404 () @ https://fcm.googleapis.com/:0
[    5092ms] [LOG] OneSignal WebPush >> The browser vendor >> Chrome @ https://spj.science.org/pb-assets/service/webpush/webpush-1765430089077.js:614
[    5092ms] [LOG] OneSignal WebPush >> Google Firebase is supported >> True @ https://spj.science.org/pb-assets/service/webpush/webpush-1765430089077.js:614
[    5093ms] [LOG] OneSignal WebPush >> Ineligible page. Not a supported website. @ https://spj.science.org/pb-assets/service/webpush/webpush-1765430089077.js:614
[    6574ms] [ERROR] Failed to load resource: net::ERR_CONNECTION_RESET @ https://www.googletagmanager.com/gtm.js?id=GTM-TDN3C45:0
[    6574ms] [ERROR] Failed to load resource: net::ERR_CONNECTION_RESET @ https://www.googletagmanager.com/gtag/js?id=AW-1070246774&l=dataLayer:0
[    6575ms] [ERROR] Failed to load resource: net::ERR_CONNECTION_RESET @ https://securepubads.g.doubleclick.net/tag/js/gpt.js:0
[    6869ms] [ERROR] Failed to load resource: net::ERR_CONNECTION_RESET @ https://static.ads-twitter.com/uwt.js:0
[    8950ms] [ERROR] Failed to load resource: net::ERR_CONNECTION_RESET @ https://alb.reddit.com/rp.gif?ts=1778917481137&id=a2_ipzm7mhmg63s&event=PageVisit&m.itemCount=&m.value=&m.valueDecimal=&m.currency=&m.transactionId=&m.customEventName=&m.products=&m.conversionId=&uuid=756e89c6-547e-4b54-bcdd-926d31dba5fc&aaid=&external_id=&idfa=&integration=reddit&partner=&partner_version=&opt_out=0&sh=1536&sw=961&v=rdt_47ad39b8&dpm=&dpcc=&dprc=:0
[    9123ms] [LOG] 2021-07-07 12:00 PM America/New_York @ https://spj.science.org/pb-assets/schema.org/schema-gen-1724262866983.js:124
[    9128ms] [LOG] Final:  2021-07-07 12:00 PM America/New_York 2021-07-07T16:00:00.000Z @ https://spj.science.org/pb-assets/schema.org/schema-gen-1724262866983.js:126
[   10332ms] [WARNING] [Meta Pixel] - Duplicate Pixel ID: 2654080238088440. @ https://connect.facebook.net/en_US/fbevents.js:181
[   11500ms] [INFO] Slow network is detected. See https://www.chromestatus.com/feature/5636954674692096 for more details. Fallback font will be used while loading: https://cdn.scite.ai/assets/fonts/scite-icons/scite-icons.woff2?v=5 @ https://spj.science.org/products/aaas/spj/releasedAssets/js/43-5a2e94c9add915595b6b.js:0
[   13466ms] [WARNING] No version information available for component input/tex-base @ https://spj.science.org/products/aaas/spj/releasedAssets/public/mathjax-316a6a5287e385a6dade62a6c33fa7de/tex-mml-chtml.js:0
[   13565ms] [INFO] Slow network is detected. See https://www.chromestatus.com/feature/5636954674692096 for more details. Fallback font will be used while loading: https://spj.science.org/products/aaas/spj/releasedAssets/public/mathjax-316a6a5287e385a6dade62a6c33fa7de/output/chtml/fonts/woff-v2/MathJax_Zero.woff @ https://spj.science.org/doi/10.1016/j.csbj.2021.06.043:0
[   13784ms] [INFO] Slow network is detected. See https://www.chromestatus.com/feature/5636954674692096 for more details. Fallback font will be used while loading: https://spj.science.org/products/aaas/spj/releasedAssets/public/mathjax-316a6a5287e385a6dade62a6c33fa7de/output/chtml/fonts/woff-v2/MathJax_Math-Italic.woff @ https://spj.science.org/doi/10.1016/j.csbj.2021.06.043:0
[   13784ms] [INFO] Slow network is detected. See https://www.chromestatus.com/feature/5636954674692096 for more details. Fallback font will be used while loading: https://spj.science.org/products/aaas/spj/releasedAssets/public/mathjax-316a6a5287e385a6dade62a6c33fa7de/output/chtml/fonts/woff-v2/MathJax_Main-Regular.woff @ https://spj.science.org/doi/10.1016/j.csbj.2021.06.043:0
[   13786ms] [INFO] Slow network is detected. See https://www.chromestatus.com/feature/5636954674692096 for more details. Fallback font will be used while loading: https://spj.science.org/products/aaas/spj/releasedAssets/public/mathjax-316a6a5287e385a6dade62a6c33fa7de/output/chtml/fonts/woff-v2/MathJax_Size1-Regular.woff @ https://spj.science.org/doi/10.1016/j.csbj.2021.06.043:0
[   14749ms] [WARNING] Attempting to assign duplicating callback to a performance sensitive event listener. Refusing. @ https://spj.science.org/products/aaas/spj/releasedAssets/js/vendors~AxelPublicationContent-76387fb49f68827ccb0f.js:0
