[     893ms] [ERROR] Failed to load resource: net::ERR_CONNECTION_RESET @ https://securepubads.g.doubleclick.net/tag/js/gpt.js:0
[     894ms] [ERROR] Failed to load resource: net::ERR_CONNECTION_RESET @ https://cdn.segment.com/analytics.js/v1/4rZa4ziwKFOV4lE8CELzgAjhqahO1xEx/analytics.min.js:0
[     894ms] [ERROR] Failed to load resource: net::ERR_CONNECTION_RESET @ https://www.googletagmanager.com/gtag/destination?id=G-B3E4QL2TPR&cx=c&gtm=4e65f1&sign=6778bc966e72fad647ad25b1714dc9c7399c2f6ab2dd61052aa26154f8097281_20260519:0
[     920ms] [LOG] GPT: Script load failed. @ https://sgtm.nature.com/gtm.js?id=GTM-MRVXSHQ:1026
[    1138ms] [LOG] Data Attribute API for GTM: Script loaded successfully. @ https://sgtm.nature.com/gtm.js?id=GTM-MRVXSHQ:1026
[    1138ms] [ERROR] Failed to load resource: net::ERR_CONNECTION_RESET @ https://static.criteo.net/js/ld/ld.js:0
[    1152ms] [ERROR] Failed to load resource: net::ERR_CONNECTION_RESET @ https://www.dwin1.com/26429.js:0
[    1152ms] [ERROR] Failed to load resource: net::ERR_CONNECTION_RESET @ https://static.ads-twitter.com/uwt.js:0
[    1236ms] [ERROR] Failed to load resource: net::ERR_CONNECTION_RESET @ https://px.ads.linkedin.com/attribution_trigger?pid=7360929%2C436252&time=1779180691195&url=https%3A%2F%2Fwww.nature.com%2Farticles%2Fs41587-026-03128-x&tm=gtmv2:0
[    1237ms] [ERROR] Failed to load resource: net::ERR_CONNECTION_RESET @ https://px.ads.linkedin.com/attribution_trigger?pid=7360929%2C436252&time=1779180691196&url=https%3A%2F%2Fwww.nature.com%2Farticles%2Fs41587-026-03128-x&tm=gtmv2:0
[    1237ms] [ERROR] Failed to load resource: net::ERR_CONNECTION_RESET @ https://px.ads.linkedin.com/wa/?medium=fetch&fmt=g:0
[    1418ms] [ERROR] Failed to load resource: net::ERR_CONNECTION_RESET @ https://scripts.webcontentassessor.com/scripts/93dabb8d80079a87fec7bb6f67b807fce90e1688f8957ad7ad152bfd58ea01c2:0
[    1418ms] [ERROR] Failed to load resource: net::ERR_CONNECTION_RESET @ https://sb.scorecardresearch.com/beacon.js:0
[    1585ms] [LOG] logged_in_to_sn_profile could not be retrieved from /exposed-details @ :0
[    1619ms] [ERROR] Failed to load resource: net::ERR_CONNECTION_RESET @ https://px.ads.linkedin.com/collect?v=2&fmt=js&pid=7360929%2C436252&time=1779180691195&li_adsId=b2e613b6-dffe-42e4-b69c-b29042cff72d&url=https%3A%2F%2Fwww.nature.com%2Farticles%2Fs41587-026-03128-x&tm=gtmv2:0
[    1619ms] [ERROR] Failed to load resource: net::ERR_CONNECTION_RESET @ https://px.ads.linkedin.com/collect?v=2&fmt=js&pid=7360929%2C436252&time=1779180691196&li_adsId=b2e613b6-dffe-42e4-b69c-b29042cff72d&url=https%3A%2F%2Fwww.nature.com%2Farticles%2Fs41587-026-03128-x&tm=gtmv2:0
[    1619ms] [ERROR] Failed to load resource: net::ERR_CONNECTION_RESET @ https://px.ads.linkedin.com/attribution_trigger?pid=7360929%2C436252&time=1779180691195&url=https%3A%2F%2Fwww.nature.com%2Farticles%2Fs41587-026-03128-x&tm=gtmv2:0
[    1619ms] [ERROR] Failed to load resource: net::ERR_CONNECTION_RESET @ https://px.ads.linkedin.com/attribution_trigger?pid=7360929%2C436252&time=1779180691196&url=https%3A%2F%2Fwww.nature.com%2Farticles%2Fs41587-026-03128-x&tm=gtmv2:0
[    1619ms] [ERROR] Failed to load resource: net::ERR_CONNECTION_RESET @ https://px.ads.linkedin.com/insight_tag_errors.gif?v=2&pid=7360929%2C436252&error=version%3A%20308%20%7C%20WebsiteActions-308-TypeError%3A%20Failed%20to%20fetch%3B%20ErrorData%3A%20%7B%22domain%22%3A%22nature.com%22%2C%22requestFetcher%22%3A%22fetch-keepalive%22%2C%22body%22%3A%22H4sIAAAAAAAACkWQXWsbMRBF%2F4qYZyneL3tlvSVpGwyllHjJSylFlsbroVpJ2ZGTmjT%2FvWwC6ePlwLmX%2BwKZPIP50bebattsZddumnXzUwK7mXJ5wJkpRTBtpSUUmhBM3ffbWlebbV3rXoJPk6UIBqIt5xmvXJpAwnkOYOBUSmazWv1HKzsXcgF5xV291r2qmo2q2rrR6g9IyHbEgUpAMPAJMYuMuZBHMaNLY6RCKYo8pyMFiqPw6JJHFsPtveCMjo7kqFyEjV5gtIeALDwxWkZlmZMjW9ALGwuNGBfk0hPOF%2FFXfHubKG4oFXSnmEIaLyDhGQ9MBfc0Rhvu8fGMXHYeDGjru4Nea9W2FSpstVeoPaojNrjuXNt1dQUSiIfZRg5LL5ijDYwSAn2x7xZYwh3ZWN7DROzAvEDmw77YgmBU97pYvlL8jX4Xr3P%2B0JxwAhPPIUjgt33DJS%2FHfb%2B%2B%2B%2FzrYbffDfD6D43pSmDhAQAA%22%7D&href=https%3A%2F%2Fwww.nature.com%2Farticles%2Fs41587-026-03128-x:0
[    1619ms] [ERROR] Failed to load resource: net::ERR_CONNECTION_RESET @ https://bat.bing.com/bat.js:0
[    1689ms] [ERROR] Failed to load resource: net::ERR_CONNECTION_RESET @ https://px.ads.linkedin.com/wa/?medium=beacon&fmt=g:0
[    1689ms] [ERROR] Failed to load resource: net::ERR_CONNECTION_RESET @ https://2e4b93d1-a8ae-4a89-8885-6109135ac0de.edge.permutive.app/85d1226e-5b20-4b6e-a867-b25bb35f6639-web.js:0
[    2610ms] [ERROR] Failed to load resource: net::ERR_CONNECTION_RESET @ https://zn0ccsrg9grqrxatc-springernature.siteintercept.qualtrics.com/SIE/?Q_ZID=ZN_0CcSRG9GrqrxATc:0
[    5623ms] [WARNING] The resource https://injections.readcube.com/config.json was preloaded using link preload but not used within a few seconds from the window's load event. Please make sure it has an appropriate `as` value and it is preloaded intentionally. @ https://www.nature.com/articles/s41587-026-03128-x:0
[    5623ms] [WARNING] The resource https://www.nature.com/static/fonts/HardingText-Regular-Web-cecd90984f.woff2 was preloaded using link preload but not used within a few seconds from the window's load event. Please make sure it has an appropriate `as` value and it is preloaded intentionally. @ https://www.nature.com/articles/s41587-026-03128-x:0
[   55223ms] [ERROR] Failed to load resource: net::ERR_CONNECTION_RESET @ https://px.ads.linkedin.com/wa/?medium=fetch&fmt=g:0
[   55388ms] [ERROR] Failed to load resource: net::ERR_CONNECTION_RESET @ https://px.ads.linkedin.com/insight_tag_errors.gif?v=2&pid=7360929%2C436252&error=version%3A%20308%20%7C%20WebsiteActions-308-TypeError%3A%20Failed%20to%20fetch%3B%20ErrorData%3A%20%7B%22domain%22%3A%22nature.com%22%2C%22requestFetcher%22%3A%22fetch-keepalive%22%2C%22body%22%3A%22H4sIAAAAAAAACqVWUW%2FbOAz%2BKwafrTVO0ib1W5euQ3G74bAGexmKQpbohK0s%2BSS6bbDrfz%2FIdlIn1%2Fa6uzeJ%2FEx%2BpD5K%2Fgk16QD5j9nkZHQ6Pk2nk5Px8fg6haA81fwdfSBnIZ%2BM5ikwVQh5NpudZvPRbHqcZaMUtKskWcjBSm48flCughQabyCHNXMd8qOjZ9eR9EzKYDgK0%2Bx4PhOj8YkYTbLxXDxCCrVc4ZLYIORwjlgnNdZMGhOPyq0sMTmb1N6VZMiuEo3KaQzJcvEtCTUqKkkRbxJpdYJWFgZDoimgDChkCE6RZNSJtEwrtNGl3D36TfJX8rWlmHwkx6jW1hm32kAKD1gEYryilZXmG%2F7ZYOBLDTlMygyLuTwRZVmeimI8ywRqlQk9zabz8Yk6ltM5pEBh6aUNJuaFvJQmYAqGLmQXBeLmM0nL3aaioCD%2FCXUorlgyQi6mTzHKF7J3qC%2FtWV3vwqyxgtw2xqQQWn7LTR0bt%2FhyufgNUlh7LCGHt1r%2BodYltGd4xuypaBhDzI8GK7R8hVXsleoCd6l613dpmkPbEMZy9VVGucAZpFBIdbfyrrH6spIrvPJqi6OX9meGd3tr0S%2FxMTbo3D1Y46RO%2Fji%2FgOesnV46uGp8cB5yqB1ZRg9PfYhPHThq%2FZXy4PL3s8%2Bf4D9UGO5X%2F6vG9xVyvQMufFMVYekR22qeiWi6hxQsrxdrMhrycQoUZaacZbQMKSgjQ4hn%2FAMaoQxKX1IcvEZEjCSLvt1VhZiMuxXH1XUKck8hWrIUylW1s9iqt1fZXpwe1BsEd33ukfD0lA7Jt9fIkP1oj64S2wwRKJQzTRXxt%2BHA0IjSOMnCYMmv8GYv1d1L7JPC6c0hscOujvqu3gbRXTJtifjIopAeDkgfuIZ7IQKTutu8RhIDb89uF2DX0a0ph3fQfY3Rzc3zab3dqfaTKPWWcVLIOFP%2Fljl7M%2FNQGnD9azXUuhS6vw06DRxYenGLwvH6MLh8d%2BibG0P2rg1XNMzODpZClI0x4oE0r%2FfMtadK%2Bk1ru20CU7kR%2FQCKUEuFokB%2BQLT%2FbPkv3NjxcLYDEU05sG9w6%2FEotWqK1iW6t3jo7qW1LVMMYmovSxa0ss7j4VdRC8%2B3yc2g3QOt7A95UusyeRkoFbe%2FFjsayYBGBzGywMi9a23Sj8seBB8ZvZWmG4Tr%2BFZekGH0qD9uFoba8W4fzKe%2FASODfOHtCAAA%22%7D&href=https%3A%2F%2Fwww.nature.com%2Farticles%2Fs41587-026-03128-x:0
[   55391ms] [ERROR] Failed to load resource: net::ERR_CONNECTION_RESET @ https://px.ads.linkedin.com/wa/?medium=beacon&fmt=g:0
[   58442ms] [WARNING] The resource https://injections.readcube.com/config.json was preloaded using link preload but not used within a few seconds from the window's load event. Please make sure it has an appropriate `as` value and it is preloaded intentionally. @ https://www.nature.com/articles/s41587-026-03128-x:0
[   58442ms] [WARNING] The resource https://www.nature.com/static/fonts/HardingText-Regular-Web-cecd90984f.woff2 was preloaded using link preload but not used within a few seconds from the window's load event. Please make sure it has an appropriate `as` value and it is preloaded intentionally. @ https://www.nature.com/articles/s41587-026-03128-x:0
