[    5367ms] [ERROR] Failed to load resource: net::ERR_CONNECTION_RESET @ https://securepubads.g.doubleclick.net/tag/js/gpt.js:0
[    5367ms] [ERROR] Failed to load resource: net::ERR_CONNECTION_RESET @ https://cdn.segment.com/analytics.js/v1/4rZa4ziwKFOV4lE8CELzgAjhqahO1xEx/analytics.min.js:0
[    5367ms] [ERROR] Failed to load resource: net::ERR_CONNECTION_RESET @ https://www.googletagmanager.com/gtag/destination?id=G-B3E4QL2TPR&cx=c&gtm=4e65f1&sign=6778bc966e72fad647ad25b1714dc9c7399c2f6ab2dd61052aa26154f8097281_20260519:0
[    5369ms] [ERROR] Failed to load resource: net::ERR_CONNECTION_RESET @ https://static.criteo.net/js/ld/ld.js:0
[    5370ms] [LOG] GPT: Script load failed. @ https://sgtm.nature.com/gtm.js?id=GTM-MRVXSHQ:1026
[    5842ms] [LOG] logged_in_to_sn_profile could not be retrieved from /exposed-details @ :0
[    5884ms] [ERROR] Failed to load resource: net::ERR_CONNECTION_RESET @ https://www.dwin1.com/26429.js:0
[    5885ms] [ERROR] Failed to load resource: net::ERR_CONNECTION_RESET @ https://static.ads-twitter.com/uwt.js:0
[    5891ms] [ERROR] Failed to load resource: net::ERR_CONNECTION_RESET @ https://scripts.webcontentassessor.com/scripts/93dabb8d80079a87fec7bb6f67b807fce90e1688f8957ad7ad152bfd58ea01c2:0
[    5897ms] [ERROR] Failed to load resource: net::ERR_CONNECTION_RESET @ https://sb.scorecardresearch.com/beacon.js:0
[    5995ms] [LOG] Data Attribute API for GTM: Script loaded successfully. @ https://sgtm.nature.com/gtm.js?id=GTM-MRVXSHQ:1026
[    5999ms] [ERROR] Failed to load resource: net::ERR_CONNECTION_RESET @ https://bat.bing.com/bat.js:0
[    6006ms] [ERROR] Failed to load resource: net::ERR_CONNECTION_RESET @ https://2e4b93d1-a8ae-4a89-8885-6109135ac0de.edge.permutive.app/85d1226e-5b20-4b6e-a867-b25bb35f6639-web.js:0
[    6877ms] [ERROR] Failed to load resource: net::ERR_CONNECTION_RESET @ https://px.ads.linkedin.com/collect?v=2&fmt=js&pid=7360929%2C436252&time=1779180515323&li_adsId=b2e613b6-dffe-42e4-b69c-b29042cff72d&url=https%3A%2F%2Fwww.nature.com%2Farticles%2Fs41587-026-03128-x&tm=gtmv2:0
[    6877ms] [ERROR] Failed to load resource: net::ERR_CONNECTION_RESET @ https://px.ads.linkedin.com/collect?v=2&fmt=js&pid=7360929%2C436252&time=1779180515326&li_adsId=b2e613b6-dffe-42e4-b69c-b29042cff72d&url=https%3A%2F%2Fwww.nature.com%2Farticles%2Fs41587-026-03128-x&tm=gtmv2:0
[    6878ms] [ERROR] Failed to load resource: net::ERR_CONNECTION_RESET @ https://px.ads.linkedin.com/attribution_trigger?pid=7360929%2C436252&time=1779180515323&url=https%3A%2F%2Fwww.nature.com%2Farticles%2Fs41587-026-03128-x&tm=gtmv2:0
[    6879ms] [ERROR] Failed to load resource: net::ERR_CONNECTION_RESET @ https://px.ads.linkedin.com/wa/?medium=fetch&fmt=g:0
[    6883ms] [ERROR] Failed to load resource: net::ERR_CONNECTION_RESET @ https://px.ads.linkedin.com/attribution_trigger?pid=7360929%2C436252&time=1779180515326&url=https%3A%2F%2Fwww.nature.com%2Farticles%2Fs41587-026-03128-x&tm=gtmv2:0
[    6891ms] [ERROR] Failed to load resource: net::ERR_CONNECTION_RESET @ https://px.ads.linkedin.com/attribution_trigger?pid=7360929%2C436252&time=1779180515323&url=https%3A%2F%2Fwww.nature.com%2Farticles%2Fs41587-026-03128-x&tm=gtmv2:0
[    6892ms] [ERROR] Failed to load resource: net::ERR_CONNECTION_RESET @ https://px.ads.linkedin.com/insight_tag_errors.gif?v=2&pid=7360929%2C436252&error=version%3A%20308%20%7C%20WebsiteActions-308-TypeError%3A%20Failed%20to%20fetch%3B%20ErrorData%3A%20%7B%22domain%22%3A%22nature.com%22%2C%22requestFetcher%22%3A%22fetch-keepalive%22%2C%22body%22%3A%22H4sIAAAAAAAACkWQXWvcMBBF%2F4qYZznrj%2FXa1luStmGhlJI1eSmlaKWRd6gsKR5t0iXNfy9OIH28HDj3cl8gkWVQP7pmVw71ILfNrm7rnxLYLJTyAy5MMYBqyl5CphlBVV03VH3ZVm1TDhJsnDUFUBB0Pi94ZeIMEs6LBwWnnBOrzeY%2F2uglk%2FHIG95Wbd8VZb0ryqaq%2B%2BIPSEh6wpGyR1DwCTGJhCmTRbGgiVOgTDGItERHnsIkLJpokcV4ey84oSFHhvJF6GAFBn30yMISo2YsNHM0pDNaoUOmCcOKTHzC5SL%2Bim9vE8UNxYzmFKKP0wUkPOORKeOBpqD9PT6ekfPeggLb7Mzg2q4YTNsUdihd0dWtLgbn2i0617duAAnE46ID%2B7UXlNOeUYKnL%2FrdAmu4Ix3ye5iJDagXSHw8ZJ0RVLF9XS1fKfxGuw%2FXKX1oTjiDCmfvJfDbvvGS1uO%2BX999%2FvWwP%2BxHeP0HTLJBGuEBAAA%3D%22%7D&href=https%3A%2F%2Fwww.nature.com%2Farticles%2Fs41587-026-03128-x:0
[    6892ms] [ERROR] Failed to load resource: net::ERR_CONNECTION_RESET @ https://px.ads.linkedin.com/attribution_trigger?pid=7360929%2C436252&time=1779180515326&url=https%3A%2F%2Fwww.nature.com%2Farticles%2Fs41587-026-03128-x&tm=gtmv2:0
[    6894ms] [ERROR] Failed to load resource: net::ERR_CONNECTION_RESET @ https://px.ads.linkedin.com/wa/?medium=beacon&fmt=g:0
[    8447ms] [ERROR] Failed to load resource: net::ERR_CONNECTION_RESET @ https://stats.g.doubleclick.net/g/collect?v=2&tid=G-B3E4QL2TPR&cid=357187183.1779105613&gtm=45he65f1v872328094z8850443292za20kzb850443292zd850443292&rcb=5&aip=1&dma=0&gcs=G111&gcd=13r3r3r3r5l1&npa=0&frm=0&tag_exp=0~115938466~115938468:0
[    8536ms] [ERROR] Failed to load resource: net::ERR_CONNECTION_RESET @ https://stats.g.doubleclick.net/g/collect?v=2&dma=0&npa=0&gcs=G111&gcd=13r3r3r3r6l1&tid=G-ERRNTNZ807&cid=357187183.1779105613&gtm=45h91e65f1v870337665z8850443292z99194642235za20kzb850443292zd850443292&tag_exp=0~115938466~115938469&_is_sw=f15s0t138&_tu=DA&gap.gtb=3&aip=1:0
[    8850ms] [ERROR] Failed to load resource: net::ERR_CONNECTION_RESET @ https://zn0ccsrg9grqrxatc-springernature.siteintercept.qualtrics.com/SIE/?Q_ZID=ZN_0CcSRG9GrqrxATc:0
[   11860ms] [WARNING] The resource https://injections.readcube.com/config.json was preloaded using link preload but not used within a few seconds from the window's load event. Please make sure it has an appropriate `as` value and it is preloaded intentionally. @ https://www.nature.com/articles/s41587-026-03128-x:0
[   11860ms] [WARNING] The resource https://www.nature.com/static/fonts/HardingText-Regular-Web-cecd90984f.woff2 was preloaded using link preload but not used within a few seconds from the window's load event. Please make sure it has an appropriate `as` value and it is preloaded intentionally. @ https://www.nature.com/articles/s41587-026-03128-x:0
[  179214ms] [ERROR] Failed to load resource: the server responded with a status of 404 () @ https://www.nature.com/favicon.ico:0
[  180182ms] [ERROR] Failed to load resource: the server responded with a status of 404 () @ https://www.nature.com/favicon.ico:0
