[    6472ms] [LOG] logged_in_to_sn_profile could not be retrieved from /exposed-details @ :0
[    6652ms] [ERROR] Failed to load resource: net::ERR_CONNECTION_RESET @ https://securepubads.g.doubleclick.net/tag/js/gpt.js:0
[    6652ms] [ERROR] Failed to load resource: net::ERR_CONNECTION_RESET @ https://www.googletagmanager.com/gtm.js?id=GTM-MRVXSHQ&gtg_health=1:0
[    6652ms] [ERROR] Failed to load resource: net::ERR_CONNECTION_RESET @ https://cdn.segment.com/analytics.js/v1/4rZa4ziwKFOV4lE8CELzgAjhqahO1xEx/analytics.min.js:0
[    6652ms] [ERROR] Failed to load resource: net::ERR_CONNECTION_RESET @ https://www.googletagmanager.com/gtag/destination?id=G-B3E4QL2TPR&cx=c&gtm=4e65i2&sign=38f847e175b9be83b8bbaa3171110d7fde47c75e8b7b804fbe18506985d02c5a_20260520:0
[    6652ms] [ERROR] Failed to load resource: net::ERR_CONNECTION_RESET @ https://static.criteo.net/js/ld/ld.js:0
[    6652ms] [ERROR] Failed to load resource: net::ERR_CONNECTION_RESET @ https://www.dwin1.com/26429.js:0
[    6652ms] [ERROR] Failed to load resource: net::ERR_CONNECTION_RESET @ https://static.ads-twitter.com/uwt.js:0
[    6653ms] [ERROR] Failed to load resource: net::ERR_CONNECTION_RESET @ https://scripts.webcontentassessor.com/scripts/93dabb8d80079a87fec7bb6f67b807fce90e1688f8957ad7ad152bfd58ea01c2:0
[    6653ms] [ERROR] Failed to load resource: net::ERR_CONNECTION_RESET @ https://sb.scorecardresearch.com/beacon.js:0
[    6653ms] [LOG] GPT: Script load failed. @ https://sgtm.nature.com/gtm.js?id=GTM-MRVXSHQ:1022
[    6890ms] [LOG] Data Attribute API for GTM: Script loaded successfully. @ https://sgtm.nature.com/gtm.js?id=GTM-MRVXSHQ:1022
[    6894ms] [ERROR] Failed to load resource: net::ERR_CONNECTION_RESET @ https://bat.bing.com/bat.js:0
[    6900ms] [ERROR] Failed to load resource: net::ERR_CONNECTION_RESET @ https://2e4b93d1-a8ae-4a89-8885-6109135ac0de.edge.permutive.app/85d1226e-5b20-4b6e-a867-b25bb35f6639-web.js:0
[    7086ms] [ERROR] Failed to load resource: net::ERR_CONNECTION_RESET @ https://px.ads.linkedin.com/attribution_trigger?pid=7360929%2C436252&time=1779244328485&url=https%3A%2F%2Fwww.nature.com%2Farticles%2Fs41587-021-00989-2&tm=gtmv2:0
[    7091ms] [ERROR] Failed to load resource: net::ERR_CONNECTION_RESET @ https://px.ads.linkedin.com/attribution_trigger?pid=7360929%2C436252&time=1779244328488&url=https%3A%2F%2Fwww.nature.com%2Farticles%2Fs41587-021-00989-2&tm=gtmv2:0
[    7093ms] [ERROR] Failed to load resource: net::ERR_CONNECTION_RESET @ https://px.ads.linkedin.com/wa/?medium=fetch&fmt=g:0
[    7100ms] [ERROR] Failed to load resource: net::ERR_CONNECTION_RESET @ https://px.ads.linkedin.com/collect?v=2&fmt=js&pid=7360929%2C436252&time=1779244328485&li_adsId=b2e613b6-dffe-42e4-b69c-b29042cff72d&url=https%3A%2F%2Fwww.nature.com%2Farticles%2Fs41587-021-00989-2&tm=gtmv2:0
[    7108ms] [ERROR] Failed to load resource: net::ERR_CONNECTION_RESET @ https://px.ads.linkedin.com/collect?v=2&fmt=js&pid=7360929%2C436252&time=1779244328488&li_adsId=b2e613b6-dffe-42e4-b69c-b29042cff72d&url=https%3A%2F%2Fwww.nature.com%2Farticles%2Fs41587-021-00989-2&tm=gtmv2:0
[    7110ms] [ERROR] Failed to load resource: net::ERR_CONNECTION_RESET @ https://px.ads.linkedin.com/attribution_trigger?pid=7360929%2C436252&time=1779244328485&url=https%3A%2F%2Fwww.nature.com%2Farticles%2Fs41587-021-00989-2&tm=gtmv2:0
[    7119ms] [ERROR] Failed to load resource: net::ERR_CONNECTION_RESET @ https://px.ads.linkedin.com/attribution_trigger?pid=7360929%2C436252&time=1779244328488&url=https%3A%2F%2Fwww.nature.com%2Farticles%2Fs41587-021-00989-2&tm=gtmv2:0
[    7119ms] [ERROR] Failed to load resource: net::ERR_CONNECTION_RESET @ https://px.ads.linkedin.com/insight_tag_errors.gif?v=2&pid=7360929%2C436252&error=version%3A%20308%20%7C%20WebsiteActions-308-TypeError%3A%20Failed%20to%20fetch%3B%20ErrorData%3A%20%7B%22domain%22%3A%22nature.com%22%2C%22requestFetcher%22%3A%22fetch-keepalive%22%2C%22body%22%3A%22H4sIAAAAAAAACkWQXYvbMBBF%2F4qYpzbIjb8SJXpLSxsMZSmN2ZdSimxP7KGypEoTitnufy%2FeLO3DPFwunHuYJwg0JNDfVLXPj%2BVR1tW%2B3JXfJaQ%2BUuBHjIm8A13lBwlMM4IulDqWdV2Vh1odJAx%2BNuRAgzN8i%2Fiu9zNIuEULGibmkPR2%2B7%2FamsjUW0zbtNlsstfbgIRgRmyJLYKGxjGO0TC5UbSiR2tFxB4D%2BygS%2Frqh6zEJ4wbB0bi7KnlnrAjRX8liEt0ieuud5yWgcEjj1PkoxmjCJIwzdkmUxJsP%2FuF8eiv%2BiIcXQ%2FGePGM%2FOW%2F9uICE39glYrzQ6Iz9ui4nbgbQoLDcdUORZ4XJVZbvS8zqouiya1l2O2VwryoFEii1q6A1jAPoq7EJJVj6ZO4UWMOZjON7mCn1oJ8gpO7ChhF0Vj%2BvlM%2FkfuLQuFMI%2FzATzqDdzVoJ6cWvXcL6vC%2Bn88cfj82laeH5L7ORmATgAQAA%22%7D&href=https%3A%2F%2Fwww.nature.com%2Farticles%2Fs41587-021-00989-2:0
[    7120ms] [ERROR] Failed to load resource: net::ERR_CONNECTION_RESET @ https://px.ads.linkedin.com/wa/?medium=beacon&fmt=g:0
[    8271ms] [ERROR] Failed to load resource: net::ERR_CONNECTION_RESET @ https://stats.g.doubleclick.net/g/collect?v=2&tid=G-B3E4QL2TPR&cid=357187183.1779105613&gtm=45he65i2v872328094z8850443292za20kzb850443292zd850443292&rcb=16&aip=1&dma=0&gcs=G111&gcd=13r3r3r3r5l1&npa=0&frm=0&tag_exp=0~115938466~115938468:0
[    8970ms] [ERROR] Failed to load resource: net::ERR_CONNECTION_RESET @ https://stats.g.doubleclick.net/g/collect?v=2&dma=0&npa=0&gcs=G111&gcd=13r3r3r3r6l1&tid=G-ERRNTNZ807&cid=357187183.1779105613&gtm=45h91e65i1v870337665z8850443292z99194642235za20kzb850443292zd850443292&tag_exp=0~115616985~115938466~115938468&_is_sw=f15s0t231&_tu=DA&gap.gtb=3&aip=1:0
[    9223ms] [ERROR] Failed to load resource: net::ERR_CONNECTION_RESET @ https://zn0ccsrg9grqrxatc-springernature.siteintercept.qualtrics.com/SIE/?Q_ZID=ZN_0CcSRG9GrqrxATc:0
[   12428ms] [WARNING] The resource https://injections.readcube.com/config.json was preloaded using link preload but not used within a few seconds from the window's load event. Please make sure it has an appropriate `as` value and it is preloaded intentionally. @ https://www.nature.com/articles/s41587-021-00989-2:0
[   12429ms] [WARNING] The resource https://www.nature.com/static/fonts/HardingText-Regular-Web-cecd90984f.woff2 was preloaded using link preload but not used within a few seconds from the window's load event. Please make sure it has an appropriate `as` value and it is preloaded intentionally. @ https://www.nature.com/articles/s41587-021-00989-2:0
